\BOOKMARK [1][-]{section.1}{\376\377\000I\000n\000t\000r\000o\000d\000u\000c\000t\000i\000o\000n}{}% 1
\BOOKMARK [1][-]{section.2}{\376\377\000M\000a\000t\000e\000r\000i\000a\000l\000s\000\040\000a\000n\000d\000\040\000M\000e\000t\000h\000o\000d\000s}{}% 2
\BOOKMARK [2][-]{subsection.2.1}{\376\377\000C\000a\000n\000d\000i\000d\000a\000t\000e\000\040\000R\000u\000n\000s}{section.2}% 3
\BOOKMARK [1][-]{section.3}{\376\377\000R\000e\000s\000u\000l\000t\000s}{}% 4
\BOOKMARK [2][-]{subsection.3.1}{\376\377\000c\000a\000n\000d\000i\000d\000a\000t\000e\000\040\000r\000u\000n\000\040\000a\000s\000s\000u\000m\000i\000n\000g\000\040\000c\000o\000n\000s\000t\000a\000n\000t\000\040\000M}{section.3}% 5
\BOOKMARK [3][-]{subsubsection.3.1.1}{\376\377\000D\000i\000a\000g\000n\000o\000s\000t\000i\000c\000s\000\040\000f\000o\000r\000\040\000c\000a\000n\000d\000i\000d\000a\000t\000e\000\040\000r\000u\000n\000\040\000a\000s\000s\000u\000m\000i\000n\000g\000\040\000c\000o\000n\000s\000t\000a\000n\000t\000\040\000M}{subsection.3.1}% 6
\BOOKMARK [3][-]{subsubsection.3.1.2}{\376\377\000R\000e\000t\000r\000o\000s\000p\000e\000c\000t\000i\000v\000e\000\040\000p\000l\000o\000t\000\040\000f\000o\000r\000\040\000c\000a\000n\000d\000i\000d\000a\000t\000e\000\040\000r\000u\000n\000\040\000a\000s\000s\000u\000m\000i\000n\000g\000\040\000c\000o\000n\000s\000t\000a\000n\000t\000\040\000M}{subsection.3.1}% 7
\BOOKMARK [2][-]{subsection.3.2}{\376\377\000C\000a\000n\000d\000i\000d\000a\000t\000e\000\040\000r\000u\000n\000\040\000a\000s\000s\000u\000m\000i\000n\000g\000\040\000L\000o\000r\000e\000n\000z\000e\000n\000\040\000M\000\040\000v\000e\000c\000t\000o\000r}{section.3}% 8
\BOOKMARK [3][-]{subsubsection.3.2.1}{\376\377\000D\000i\000a\000g\000n\000o\000s\000t\000i\000c\000s\000\040\000f\000o\000r\000\040\000c\000a\000n\000d\000i\000d\000a\000t\000e\000\040\000r\000u\000n\000\040\000a\000s\000s\000u\000m\000i\000n\000g\000\040\000L\000o\000r\000e\000n\000z\000e\000n\000\040\000M\000\040\000v\000e\000c\000t\000o\000r}{subsection.3.2}% 9
\BOOKMARK [3][-]{subsubsection.3.2.2}{\376\377\000R\000e\000t\000r\000o\000s\000p\000e\000c\000t\000i\000v\000e\000\040\000p\000l\000o\000t\000\040\000f\000o\000r\000\040\000c\000a\000n\000d\000i\000d\000a\000t\000e\000\040\000r\000u\000n\000\040\000a\000s\000s\000u\000m\000i\000n\000g\000\040\000L\000o\000r\000e\000n\000z\000e\000n\000\040\000M\000\040\000v\000e\000c\000t\000o\000r}{subsection.3.2}% 10
\BOOKMARK [2][-]{subsection.3.3}{\376\377\000D\000i\000s\000c\000a\000r\000d\000\040\000r\000u\000n\000\040\000a\000s\000s\000u\000m\000i\000n\000g\000\040\000c\000o\000n\000s\000t\000a\000n\000t\000\040\000M}{section.3}% 11
\BOOKMARK [3][-]{subsubsection.3.3.1}{\376\377\000D\000i\000a\000g\000n\000o\000s\000t\000i\000c\000s\000\040\000f\000o\000r\000\040\000D\000i\000s\000c\000a\000r\000d\000s\000\040\000c\000a\000n\000d\000i\000d\000a\000t\000e\000\040\000r\000u\000n\000\040\000a\000s\000s\000u\000m\000i\000n\000g\000\040\000c\000o\000n\000s\000t\000a\000n\000t\000\040\000M}{subsection.3.3}% 12
\BOOKMARK [3][-]{subsubsection.3.3.2}{\376\377\000R\000e\000t\000r\000o\000s\000p\000e\000c\000t\000i\000v\000e\000\040\000p\000l\000o\000t\000\040\000f\000o\000r\000\040\000t\000h\000e\000\040\000d\000i\000s\000c\000a\000r\000d\000\040\000r\000u\000n\000\040\000a\000s\000s\000u\000m\000i\000n\000g\000\040\000c\000o\000n\000s\000t\000a\000n\000t\000\040\000M}{subsection.3.3}% 13
\BOOKMARK [2][-]{subsection.3.4}{\376\377\000D\000i\000s\000c\000a\000r\000d\000\040\000r\000u\000n\000\040\000a\000s\000s\000u\000m\000i\000n\000g\000\040\000L\000o\000r\000e\000n\000z\000e\000n\000\040\000M\000\040\000v\000e\000c\000t\000o\000r}{section.3}% 14
\BOOKMARK [3][-]{subsubsection.3.4.1}{\376\377\000D\000i\000a\000g\000n\000o\000s\000t\000i\000c\000s\000\040\000f\000o\000r\000\040\000D\000i\000s\000c\000a\000r\000d\000s\000\040\000w\000i\000t\000h\000\040\000L\000o\000r\000e\000n\000z\000e\000n\000\040\000M\000\040\000c\000a\000n\000d\000i\000d\000a\000t\000e\000\040\000R\000u\000n}{subsection.3.4}% 15
\BOOKMARK [3][-]{subsubsection.3.4.2}{\376\377\000R\000e\000t\000r\000o\000s\000p\000e\000c\000t\000i\000v\000e\000\040\000p\000l\000o\000t\000\040\000f\000o\000r\000\040\000t\000h\000e\000\040\000d\000i\000s\000c\000a\000r\000d\000\040\000r\000u\000n\000\040\000a\000s\000s\000u\000m\000i\000n\000g\000\040\000L\000o\000r\000e\000n\000z\000e\000n\000\040\000M\000\040\000v\000e\000c\000t\000o\000r}{subsection.3.4}% 16
\BOOKMARK [2][-]{subsection.3.5}{\376\377\000C\000o\000m\000p\000a\000r\000i\000s\000o\000n}{section.3}% 17
\BOOKMARK [2][-]{subsection.3.6}{\376\377\000B\000i\000o\000l\000o\000g\000i\000c\000a\000l\000\040\000R\000e\000f\000e\000r\000e\000n\000c\000e\000\040\000P\000o\000i\000n\000t\000s}{section.3}% 18
\BOOKMARK [3][-]{subsubsection.3.6.1}{\376\377\000C\000a\000n\000d\000i\000d\000a\000t\000e\000\040\000r\000u\000n\000\040\000a\000s\000s\000u\000m\000i\000n\000g\000\040\000c\000o\000n\000s\000t\000a\000n\000t\000\040\000M}{subsection.3.6}% 19
\BOOKMARK [3][-]{subsubsection.3.6.2}{\376\377\000C\000a\000n\000d\000i\000d\000a\000t\000e\000\040\000r\000u\000n\000\040\000a\000s\000s\000u\000m\000i\000n\000g\000\040\000L\000o\000r\000e\000n\000z\000e\000n\000\040\000M\000\040\000v\000e\000c\000t\000o\000r}{subsection.3.6}% 20
\BOOKMARK [3][-]{subsubsection.3.6.3}{\376\377\000D\000i\000s\000c\000a\000r\000d\000s\000\040\000r\000u\000n\000\040\000a\000s\000s\000u\000m\000i\000n\000g\000\040\000c\000o\000n\000s\000t\000a\000n\000t\000\040\000M}{subsection.3.6}% 21
\BOOKMARK [3][-]{subsubsection.3.6.4}{\376\377\000D\000i\000s\000c\000a\000r\000d\000s\000\040\000r\000u\000n\000\040\000a\000s\000s\000u\000m\000i\000n\000g\000\040\000L\000o\000r\000e\000n\000z\000e\000n\000\040\000M\000\040\000v\000e\000c\000t\000o\000r}{subsection.3.6}% 22
\BOOKMARK [2][-]{subsection.3.7}{\376\377\000S\000e\000l\000e\000c\000t\000i\000v\000i\000t\000y}{section.3}% 23
\BOOKMARK [2][-]{subsection.3.8}{\376\377\000M\000C\000M\000C\000\040\000f\000i\000t}{section.3}% 24
\BOOKMARK [3][-]{subsubsection.3.8.1}{\376\377\000M\000C\000M\000C\000\040\000r\000u\000n\000\040\000f\000o\000r\000\040\000c\000a\000n\000d\000i\000d\000a\000t\000e\000\040\000r\000u\000n\000\040\000a\000s\000s\000u\000m\000i\000n\000g\000\040\000c\000o\000n\000s\000t\000a\000n\000t\000\040\000M}{subsection.3.8}% 25
\BOOKMARK [3][-]{subsubsection.3.8.2}{\376\377\000M\000C\000M\000C\000\040\000r\000u\000n\000\040\000f\000o\000r\000\040\000c\000a\000n\000d\000i\000d\000a\000t\000e\000\040\000r\000u\000n\000\040\000a\000s\000s\000u\000m\000i\000n\000g\000\040\000L\000o\000r\000e\000n\000z\000e\000n\000\040\000M\000\040\000v\000e\000c\000t\000o\000r}{subsection.3.8}% 26
\BOOKMARK [1][-]{section.4}{\376\377\000D\000i\000s\000c\000u\000s\000s\000i\000o\000n}{}% 27
\BOOKMARK [1][-]{section.5}{\376\377\000R\000e\000f\000e\000r\000e\000n\000c\000e\000s}{}% 28
